Script started on Mon 26 Sep 2016 09:38:47 PM EDT
opimenov@itserver6:~/cs451/hw1/j--$ ls -ls
total 40
 1 drwxr-xr-x 2 opimenov cs451-1G   512 Sep 26 21:34 bin
20 -rw-r--r-- 1 opimenov cs451-1G 19924 Sep 18 22:34 build.xml
 1 drwxr-xr-x 6 opimenov grad       512 Sep 18 22:34 classes
 0 -rw-r--r-- 1 opimenov grad         0 Sep 26 21:38 Da_test
 1 drwxr-xr-x 2 opimenov cs451-1G   512 Sep 18 22:29 fail
 5 -rw-r--r-- 1 opimenov cs451-1G  4554 Sep 18 22:33 grammar
 5 -rw-r--r-- 1 opimenov cs451-1G  4303 Sep 18 22:33 grammar~
 2 -rw-r--r-- 1 opimenov cs451-1G  1790 Sep 18 22:34 lexicalgrammar
 2 -rw-r--r-- 1 opimenov cs451-1G  1669 Sep 18 22:33 lexicalgrammar~
 1 drwxr-xr-x 2 opimenov cs451-1G   512 Sep 18 22:34 lib
 1 drwxr-xr-x 4 opimenov cs451-1G   512 Sep 11 14:35 src
 1 drwxr-xr-x 7 opimenov cs451-1G   512 Sep 11 14:36 tests
opimenov@itserver6:~/cs451/hw1/j--$ cd tests/
opimenov@itserver6:~/cs451/hw1/j--/tests$ ls -ls
total 5
1 drwxr-xr-x 2 opimenov cs451-1G  512 Sep 11 14:36 clemitter
1 drwxr-xr-x 2 opimenov cs451-1G  512 Sep 14 11:58 fail
1 drwxr-xr-x 2 opimenov cs451-1G 1024 Sep 18 22:28 junit
1 drwxr-xr-x 2 opimenov cs451-1G 1024 Sep 26 21:36 pass
1 drwxr-xr-x 2 opimenov cs451-1G  512 Sep 11 14:36 spim
opimenov@itserver6:~/cs451/hw1/j--/tests$ cd ../../bin
bash: cd: ../../bin: No such file or directory
opimenov@itserver6:~/cs451/hw1/j--/tests$ cd ..
opimenov@itserver6:~/cs451/hw1/j--$ cd bin
opimenov@itserver6:~/cs451/hw1/j--/bin$ ls
clemitter  clemitter.bat  Division.class  j--  javaccj--  javaccj--.bat  j--.bat  Modulo.class	UPlus.class
opimenov@itserver6:~/cs451/hw1/j--/bin$ cat ~/cs451/hw1/j--/tests/pass/Division.te[K[Kjava
package pass;

import java.lang.System;

public class Division {
    public int divide(int x, int y) {
	return 1 +  x / y;
    }
    public static void main(String[] args) {
	Division d = new Division();
	System.out.println("6 = " + d.divide(10, 2)); // expecting 6
	System.out.println("4 = " + d.divide(10, 3)); // expecting 4
	System.out.println("1 = " + d.divide(0, 3));  // expecting 1
    }
}
opimenov@itserver6:~/cs451/hw1/j--/bin$ java Division
6 = 6
4 = 4
1 = 1
opimenov@itserver6:~/cs451/hw1/j--/bin$ cat ~/cs451/hw1/j--/tests/pass/Modulo.java
package pass;
import java.lang.System;
public class Modulo {
    public int mod(int x, int y) {
	return 5 + x % y;
    }
    public static void main(String[] args) {
	Modulo m = new Modulo();
	System.out.println("5 = " + m.mod(10, 2)); // expecting 5
	System.out.println("6 = " + m.mod(10, 3)); // expecting 6
	System.out.println("5 = " + m.mod(0, 3));  // expecting 5
    }

}
opimenov@itserver6:~/cs451/hw1/j--/bin$ java Modulo
5 = 5
6 = 6
5 = 5
opimenov@itserver6:~/cs451/hw1/j--/bin$ cat ~/cs451/hw1/j--/tests/pass/Modulo[K[K[K[K[K[KUpl[K[KPlus.java
package pass;

import java.lang.System;

public class UPlus {
    public int isInt(int x) {
	return +x;
    }
    public static void main(String[] args) {
	UPlus d = new UPlus();
	System.out.println("10 = " + d.isInt(10)); // expecting true
    }

}
opimenov@itserver6:~/cs451/hw1/j--/bin$ java Uplus[K[K[K[KPlus
10 = 10
opimenov@itserver6:~/cs451/hw1/j--/bin$ cd ../
opimenov@itserver6:~/cs451/hw1/j--$ ant
Buildfile: /courses/cs451/f16/wrc/opimenov/hw1/j--/build.xml

compile:
     [echo] Compiling j-- source files...

compileSPIM:
     [echo] Compiling j-- source files...

jar:
     [echo] Bundling class files into jar files...

runCompilerTests:
     [echo] Compiling and running j-- (JVM) programs...
    [junit] Running junit.JMinusMinusTest
    [junit] Testsuite: junit.JMinusMinusTest
    [junit] Running j-- (with handwritten frontend) on /courses/cs451/f16/wrc/opimenov/hw1/j--/tests/pass/Division.java ...
    [junit] 
    [junit] 
    [junit] 
    [junit] Running j-- (with handwritten frontend) on /courses/cs451/f16/wrc/opimenov/hw1/j--/tests/pass/Inits.java ...
    [junit] 
    [junit] 
    [junit] 
    [junit] Running j-- (with handwritten frontend) on /courses/cs451/f16/wrc/opimenov/hw1/j--/tests/pass/Series.java ...
    [junit] 
    [junit] 
    [junit] 
    [junit] Running j-- (with handwritten frontend) on /courses/cs451/f16/wrc/opimenov/hw1/j--/tests/pass/GCD.java ...
    [junit] 
    [junit] 
    [junit] 
    [junit] Running j-- (with handwritten frontend) on /courses/cs451/f16/wrc/opimenov/hw1/j--/tests/pass/HelloWorld.java ...
    [junit] 
    [junit] 
    [junit] 
    [junit] Running j-- (with handwritten frontend) on /courses/cs451/f16/wrc/opimenov/hw1/j--/tests/pass/Kast.java ...
    [junit] 
    [junit] 
    [junit] 
    [junit] Running j-- (with handwritten frontend) on /courses/cs451/f16/wrc/opimenov/hw1/j--/tests/pass/IntFactorial.java ...
    [junit] 
    [junit] 
    [junit] 
    [junit] Running j-- (with handwritten frontend) on /courses/cs451/f16/wrc/opimenov/hw1/j--/tests/pass/Arrays.java ...
    [junit] 
    [junit] 
    [junit] 
    [junit] Running j-- (with handwritten frontend) on /courses/cs451/f16/wrc/opimenov/hw1/j--/tests/pass/Classes.java ...
    [junit] 
    [junit] 
    [junit] 
    [junit] Running j-- (with handwritten frontend) on /courses/cs451/f16/wrc/opimenov/hw1/j--/tests/pass/Strings.java ...
    [junit] 
    [junit] 
    [junit] 
    [junit] Running j-- (with handwritten frontend) on /courses/cs451/f16/wrc/opimenov/hw1/j--/tests/pass/Animalia.java ...
    [junit] 
    [junit] 
    [junit] 
    [junit] Running j-- (with handwritten frontend) on /courses/cs451/f16/wrc/opimenov/hw1/j--/tests/pass/Factorial.java ...
    [junit] 
    [junit] 
    [junit] 
    [junit] Running j-- (with handwritten frontend) on /courses/cs451/f16/wrc/opimenov/hw1/j--/tests/pass/Modulo.java ...
    [junit] 
    [junit] 
    [junit] 
    [junit] Running j-- (with handwritten frontend) on /courses/cs451/f16/wrc/opimenov/hw1/j--/tests/pass/Plus.java ...
    [junit] 
    [junit] 
    [junit] 
    [junit] Running j-- (with handwritten frontend) on /courses/cs451/f16/wrc/opimenov/hw1/j--/tests/pass/UPlus.java ...
    [junit] 
    [junit] 
    [junit] 
    [junit] Running j-- (with handwritten frontend) on /courses/cs451/f16/wrc/opimenov/hw1/j--/tests/pass/BitAND.java ...
    [junit] 
    [junit] 
    [junit] 
    [junit] Running j-- (with handwritten frontend) on /courses/cs451/f16/wrc/opimenov/hw1/j--/tests/pass/BitXOR.java ...
    [junit] 
    [junit] 
    [junit] 
    [junit] Running j-- (with handwritten frontend) on /courses/cs451/f16/wrc/opimenov/hw1/j--/tests/pass/BitOR.java ...
    [junit] 
    [junit] 
    [junit] 
    [junit] Running j-- (with handwritten frontend) on /courses/cs451/f16/wrc/opimenov/hw1/j--/tests/fail/Division.java ...
    [junit] 
    [junit] /courses/cs451/f16/wrc/opimenov/hw1/j--/tests/fail/Division.java:7: Type char doesn't match type int
    [junit] 
    [junit] 
    [junit] Running j-- (with handwritten frontend) on /courses/cs451/f16/wrc/opimenov/hw1/j--/tests/fail/TypeErrors.java ...
    [junit] 
    [junit] /courses/cs451/f16/wrc/opimenov/hw1/j--/tests/fail/TypeErrors.java:14: Type int doesn't match type boolean
    [junit] 
    [junit] 
    [junit] Running j-- (with handwritten frontend) on /courses/cs451/f16/wrc/opimenov/hw1/j--/tests/fail/LexicalErrors.java ...
    [junit] 
    [junit] /courses/cs451/f16/wrc/opimenov/hw1/j--/tests/fail/LexicalErrors.java:11: Unidentified input token: '#'
    [junit] /courses/cs451/f16/wrc/opimenov/hw1/j--/tests/fail/LexicalErrors.java:11: . found where ; sought
    [junit] /courses/cs451/f16/wrc/opimenov/hw1/j--/tests/fail/LexicalErrors.java:11: Type sought where . found
    [junit] /courses/cs451/f16/wrc/opimenov/hw1/j--/tests/fail/LexicalErrors.java:12: ( found where ; sought
    [junit] /courses/cs451/f16/wrc/opimenov/hw1/j--/tests/fail/LexicalErrors.java:12: Type sought where ( found
    [junit] /courses/cs451/f16/wrc/opimenov/hw1/j--/tests/fail/LexicalErrors.java:12: [ found where ; sought
    [junit] /courses/cs451/f16/wrc/opimenov/hw1/j--/tests/fail/LexicalErrors.java:12: Type sought where [ found
    [junit] /courses/cs451/f16/wrc/opimenov/hw1/j--/tests/fail/LexicalErrors.java:12: ) found where ; sought
    [junit] /courses/cs451/f16/wrc/opimenov/hw1/j--/tests/fail/LexicalErrors.java:12: Type sought where ) found
    [junit] /courses/cs451/f16/wrc/opimenov/hw1/j--/tests/fail/LexicalErrors.java:13: . found where ; sought
    [junit] /courses/cs451/f16/wrc/opimenov/hw1/j--/tests/fail/LexicalErrors.java:13: Type sought where . found
    [junit] /courses/cs451/f16/wrc/opimenov/hw1/j--/tests/fail/LexicalErrors.java:13: . found where ; sought
    [junit] /courses/cs451/f16/wrc/opimenov/hw1/j--/tests/fail/LexicalErrors.java:13: Type sought where . found
    [junit] /courses/cs451/f16/wrc/opimenov/hw1/j--/tests/fail/LexicalErrors.java:13: ( found where ; sought
    [junit] /courses/cs451/f16/wrc/opimenov/hw1/j--/tests/fail/LexicalErrors.java:13: Type sought where ( found
    [junit] 
    [junit] 
    [junit] Running j-- (with handwritten frontend) on /courses/cs451/f16/wrc/opimenov/hw1/j--/tests/fail/SyntaxErrors.java ...
    [junit] 
    [junit] /courses/cs451/f16/wrc/opimenov/hw1/j--/tests/fail/SyntaxErrors.java:14: Literal sought where int found
    [junit] /courses/cs451/f16/wrc/opimenov/hw1/j--/tests/fail/SyntaxErrors.java:14: { found where ; sought
    [junit] /courses/cs451/f16/wrc/opimenov/hw1/j--/tests/fail/SyntaxErrors.java:15: Literal sought where = found
    [junit] 
    [junit] 
    [junit] Running j-- (with handwritten frontend) on /courses/cs451/f16/wrc/opimenov/hw1/j--/tests/fail/Modulo.java ...
    [junit] 
    [junit] /courses/cs451/f16/wrc/opimenov/hw1/j--/tests/fail/Modulo.java:5: Type char doesn't match type int
    [junit] /courses/cs451/f16/wrc/opimenov/hw1/j--/tests/fail/Modulo.java:6: Type char doesn't match type int
    [junit] /courses/cs451/f16/wrc/opimenov/hw1/j--/tests/fail/Modulo.java:7: Type char doesn't match type int
    [junit] /courses/cs451/f16/wrc/opimenov/hw1/j--/tests/fail/Modulo.java:7: Type char doesn't match type int
    [junit] /courses/cs451/f16/wrc/opimenov/hw1/j--/tests/fail/Modulo.java:8: Type java.lang.String doesn't match type int
    [junit] /courses/cs451/f16/wrc/opimenov/hw1/j--/tests/fail/Modulo.java:9: Type java.lang.String doesn't match type int
    [junit] /courses/cs451/f16/wrc/opimenov/hw1/j--/tests/fail/Modulo.java:10: Type java.lang.String doesn't match type int
    [junit] /courses/cs451/f16/wrc/opimenov/hw1/j--/tests/fail/Modulo.java:10: Type java.lang.String doesn't match type int
    [junit] /courses/cs451/f16/wrc/opimenov/hw1/j--/tests/fail/Modulo.java:11: Type boolean doesn't match type int
    [junit] /courses/cs451/f16/wrc/opimenov/hw1/j--/tests/fail/Modulo.java:12: Type boolean doesn't match type int
    [junit] /courses/cs451/f16/wrc/opimenov/hw1/j--/tests/fail/Modulo.java:13: Type boolean doesn't match type int
    [junit] /courses/cs451/f16/wrc/opimenov/hw1/j--/tests/fail/Modulo.java:13: Type boolean doesn't match type int
    [junit] 
    [junit] 
    [junit] Running j-- (with handwritten frontend) on /courses/cs451/f16/wrc/opimenov/hw1/j--/tests/fail/UPlus.java ...
    [junit] 
    [junit] /courses/cs451/f16/wrc/opimenov/hw1/j--/tests/fail/UPlus.java:6: Type char doesn't match type int
    [junit] /courses/cs451/f16/wrc/opimenov/hw1/j--/tests/fail/UPlus.java:6: Type int doesn't match type char
    [junit] /courses/cs451/f16/wrc/opimenov/hw1/j--/tests/fail/UPlus.java:7: Type char doesn't match type int
    [junit] 
    [junit] 
    [junit] Tests run: 2, Failures: 0, Errors: 0, Skipped: 0, Time elapsed: 0.389 sec
    [junit] Tests run: 2, Failures: 0, Errors: 0, Skipped: 0, Time elapsed: 0.389 sec
    [junit] ------------- Standard Output ---------------
    [junit] Running j-- (with handwritten frontend) on /courses/cs451/f16/wrc/opimenov/hw1/j--/tests/pass/Division.java ...
    [junit] 
    [junit] 
    [junit] 
    [junit] Running j-- (with handwritten frontend) on /courses/cs451/f16/wrc/opimenov/hw1/j--/tests/pass/Inits.java ...
    [junit] 
    [junit] 
    [junit] 
    [junit] Running j-- (with handwritten frontend) on /courses/cs451/f16/wrc/opimenov/hw1/j--/tests/pass/Series.java ...
    [junit] 
    [junit] 
    [junit] 
    [junit] Running j-- (with handwritten frontend) on /courses/cs451/f16/wrc/opimenov/hw1/j--/tests/pass/GCD.java ...
    [junit] 
    [junit] 
    [junit] 
    [junit] Running j-- (with handwritten frontend) on /courses/cs451/f16/wrc/opimenov/hw1/j--/tests/pass/HelloWorld.java ...
    [junit] 
    [junit] 
    [junit] 
    [junit] Running j-- (with handwritten frontend) on /courses/cs451/f16/wrc/opimenov/hw1/j--/tests/pass/Kast.java ...
    [junit] 
    [junit] 
    [junit] 
    [junit] Running j-- (with handwritten frontend) on /courses/cs451/f16/wrc/opimenov/hw1/j--/tests/pass/IntFactorial.java ...
    [junit] 
    [junit] 
    [junit] 
    [junit] Running j-- (with handwritten frontend) on /courses/cs451/f16/wrc/opimenov/hw1/j--/tests/pass/Arrays.java ...
    [junit] 
    [junit] 
    [junit] 
    [junit] Running j-- (with handwritten frontend) on /courses/cs451/f16/wrc/opimenov/hw1/j--/tests/pass/Classes.java ...
    [junit] 
    [junit] 
    [junit] 
    [junit] Running j-- (with handwritten frontend) on /courses/cs451/f16/wrc/opimenov/hw1/j--/tests/pass/Strings.java ...
    [junit] 
    [junit] 
    [junit] 
    [junit] Running j-- (with handwritten frontend) on /courses/cs451/f16/wrc/opimenov/hw1/j--/tests/pass/Animalia.java ...
    [junit] 
    [junit] 
    [junit] 
    [junit] Running j-- (with handwritten frontend) on /courses/cs451/f16/wrc/opimenov/hw1/j--/tests/pass/Factorial.java ...
    [junit] 
    [junit] 
    [junit] 
    [junit] Running j-- (with handwritten frontend) on /courses/cs451/f16/wrc/opimenov/hw1/j--/tests/pass/Modulo.java ...
    [junit] 
    [junit] 
    [junit] 
    [junit] Running j-- (with handwritten frontend) on /courses/cs451/f16/wrc/opimenov/hw1/j--/tests/pass/Plus.java ...
    [junit] 
    [junit] 
    [junit] 
    [junit] Running j-- (with handwritten frontend) on /courses/cs451/f16/wrc/opimenov/hw1/j--/tests/pass/UPlus.java ...
    [junit] 
    [junit] 
    [junit] 
    [junit] Running j-- (with handwritten frontend) on /courses/cs451/f16/wrc/opimenov/hw1/j--/tests/pass/BitAND.java ...
    [junit] 
    [junit] 
    [junit] 
    [junit] Running j-- (with handwritten frontend) on /courses/cs451/f16/wrc/opimenov/hw1/j--/tests/pass/BitXOR.java ...
    [junit] 
    [junit] 
    [junit] 
    [junit] Running j-- (with handwritten frontend) on /courses/cs451/f16/wrc/opimenov/hw1/j--/tests/pass/BitOR.java ...
    [junit] 
    [junit] 
    [junit] 
    [junit] Running j-- (with handwritten frontend) on /courses/cs451/f16/wrc/opimenov/hw1/j--/tests/fail/Division.java ...
    [junit] 
    [junit] 
    [junit] 
    [junit] Running j-- (with handwritten frontend) on /courses/cs451/f16/wrc/opimenov/hw1/j--/tests/fail/TypeErrors.java ...
    [junit] 
    [junit] 
    [junit] 
    [junit] Running j-- (with handwritten frontend) on /courses/cs451/f16/wrc/opimenov/hw1/j--/tests/fail/LexicalErrors.java ...
    [junit] 
    [junit] 
    [junit] 
    [junit] Running j-- (with handwritten frontend) on /courses/cs451/f16/wrc/opimenov/hw1/j--/tests/fail/SyntaxErrors.java ...
    [junit] 
    [junit] 
    [junit] 
    [junit] Running j-- (with handwritten frontend) on /courses/cs451/f16/wrc/opimenov/hw1/j--/tests/fail/Modulo.java ...
    [junit] 
    [junit] 
    [junit] 
    [junit] Running j-- (with handwritten frontend) on /courses/cs451/f16/wrc/opimenov/hw1/j--/tests/fail/UPlus.java ...
    [junit] 
    [junit] 
    [junit] 
    [junit] ------------- ---------------- ---------------
    [junit] ------------- Standard Error -----------------
    [junit] /courses/cs451/f16/wrc/opimenov/hw1/j--/tests/fail/Division.java:7: Type char doesn't match type int
    [junit] /courses/cs451/f16/wrc/opimenov/hw1/j--/tests/fail/TypeErrors.java:14: Type int doesn't match type boolean
    [junit] /courses/cs451/f16/wrc/opimenov/hw1/j--/tests/fail/LexicalErrors.java:11: Unidentified input token: '#'
    [junit] /courses/cs451/f16/wrc/opimenov/hw1/j--/tests/fail/LexicalErrors.java:11: . found where ; sought
    [junit] /courses/cs451/f16/wrc/opimenov/hw1/j--/tests/fail/LexicalErrors.java:11: Type sought where . found
    [junit] /courses/cs451/f16/wrc/opimenov/hw1/j--/tests/fail/LexicalErrors.java:12: ( found where ; sought
    [junit] /courses/cs451/f16/wrc/opimenov/hw1/j--/tests/fail/LexicalErrors.java:12: Type sought where ( found
    [junit] /courses/cs451/f16/wrc/opimenov/hw1/j--/tests/fail/LexicalErrors.java:12: [ found where ; sought
    [junit] /courses/cs451/f16/wrc/opimenov/hw1/j--/tests/fail/LexicalErrors.java:12: Type sought where [ found
    [junit] /courses/cs451/f16/wrc/opimenov/hw1/j--/tests/fail/LexicalErrors.java:12: ) found where ; sought
    [junit] /courses/cs451/f16/wrc/opimenov/hw1/j--/tests/fail/LexicalErrors.java:12: Type sought where ) found
    [junit] /courses/cs451/f16/wrc/opimenov/hw1/j--/tests/fail/LexicalErrors.java:13: . found where ; sought
    [junit] /courses/cs451/f16/wrc/opimenov/hw1/j--/tests/fail/LexicalErrors.java:13: Type sought where . found
    [junit] /courses/cs451/f16/wrc/opimenov/hw1/j--/tests/fail/LexicalErrors.java:13: . found where ; sought
    [junit] /courses/cs451/f16/wrc/opimenov/hw1/j--/tests/fail/LexicalErrors.java:13: Type sought where . found
    [junit] /courses/cs451/f16/wrc/opimenov/hw1/j--/tests/fail/LexicalErrors.java:13: ( found where ; sought
    [junit] /courses/cs451/f16/wrc/opimenov/hw1/j--/tests/fail/LexicalErrors.java:13: Type sought where ( found
    [junit] /courses/cs451/f16/wrc/opimenov/hw1/j--/tests/fail/SyntaxErrors.java:14: Literal sought where int found
    [junit] /courses/cs451/f16/wrc/opimenov/hw1/j--/tests/fail/SyntaxErrors.java:14: { found where ; sought
    [junit] /courses/cs451/f16/wrc/opimenov/hw1/j--/tests/fail/SyntaxErrors.java:15: Literal sought where = found
    [junit] /courses/cs451/f16/wrc/opimenov/hw1/j--/tests/fail/Modulo.java:5: Type char doesn't match type int
    [junit] /courses/cs451/f16/wrc/opimenov/hw1/j--/tests/fail/Modulo.java:6: Type char doesn't match type int
    [junit] /courses/cs451/f16/wrc/opimenov/hw1/j--/tests/fail/Modulo.java:7: Type char doesn't match type int
    [junit] /courses/cs451/f16/wrc/opimenov/hw1/j--/tests/fail/Modulo.java:7: Type char doesn't match type int
    [junit] /courses/cs451/f16/wrc/opimenov/hw1/j--/tests/fail/Modulo.java:8: Type java.lang.String doesn't match type int
    [junit] /courses/cs451/f16/wrc/opimenov/hw1/j--/tests/fail/Modulo.java:9: Type java.lang.String doesn't match type int
    [junit] /courses/cs451/f16/wrc/opimenov/hw1/j--/tests/fail/Modulo.java:10: Type java.lang.String doesn't match type int
    [junit] /courses/cs451/f16/wrc/opimenov/hw1/j--/tests/fail/Modulo.java:10: Type java.lang.String doesn't match type int
    [junit] /courses/cs451/f16/wrc/opimenov/hw1/j--/tests/fail/Modulo.java:11: Type boolean doesn't match type int
    [junit] /courses/cs451/f16/wrc/opimenov/hw1/j--/tests/fail/Modulo.java:12: Type boolean doesn't match type int
    [junit] /courses/cs451/f16/wrc/opimenov/hw1/j--/tests/fail/Modulo.java:13: Type boolean doesn't match type int
    [junit] /courses/cs451/f16/wrc/opimenov/hw1/j--/tests/fail/Modulo.java:13: Type boolean doesn't match type int
    [junit] /courses/cs451/f16/wrc/opimenov/hw1/j--/tests/fail/UPlus.java:6: Type char doesn't match type int
    [junit] /courses/cs451/f16/wrc/opimenov/hw1/j--/tests/fail/UPlus.java:6: Type int doesn't match type char
    [junit] /courses/cs451/f16/wrc/opimenov/hw1/j--/tests/fail/UPlus.java:7: Type char doesn't match type int
    [junit] ------------- ---------------- ---------------
    [junit] 
    [junit] Testcase: testPass took 0.364 sec
    [junit] Testcase: testFail took 0.021 sec
    [javac] Compiling 3 source files to /courses/cs451/f16/wrc/opimenov/hw1/j--/classes
    [junit] Running junit.JMinusMinusTestRunner
    [junit] Testsuite: junit.JMinusMinusTestRunner
    [junit] Tests run: 9, Failures: 0, Errors: 0, Skipped: 0, Time elapsed: 0.011 sec
    [junit] Tests run: 9, Failures: 0, Errors: 0, Skipped: 0, Time elapsed: 0.011 sec
    [junit] 
    [junit] Testcase: testMessage took 0.001 sec
    [junit] Testcase: testFactorial took 0.001 sec
    [junit] Testcase: testCompute took 0.001 sec
    [junit] Testcase: testComputeSum took 0.001 sec
    [junit] Testcase: testMessage took 0.003 sec
    [junit] Testcase: testDivide took 0.001 sec
    [junit] Testcase: testModulo took 0.001 sec
    [junit] Testcase: testUPlus took 0.001 sec
    [junit] Testcase: testPlus took 0 sec

BUILD SUCCESSFUL
Total time: 1 second
opimenov@itserver6:~/cs451/hw1/j--$ quit
No command 'quit' found, did you mean:
 Command 'quilt' from package 'quilt' (universe)
 Command 'qgit' from package 'qgit' (universe)
 Command 'quot' from package 'quota' (main)
 Command 'luit' from package 'x11-utils' (main)
 Command 'quiz' from package 'bsdgames' (universe)
quit: command not found
opimenov@itserver6:~/cs451/hw1/j--$ exit
exit

Script done on Mon 26 Sep 2016 09:43:07 PM EDT
